
> omar-yousef-portfolio@1.0.0 dev
> vite --host 0.0.0.0 --port 5174


  [32m[1mVITE[22m v7.3.5[39m  [2mready in [0m[1m338[22m[2m[0m ms[22m

  [32m➜[39m  [1mLocal[22m:   [36mhttp://localhost:[1m5174[22m/[39m
  [32m➜[39m  [1mNetwork[22m: [36mhttp://192.168.1.9:[1m5174[22m/[39m
[2m4:48:05 PM[22m [36m[1m[vite][22m[39m [90m[2m(client)[22m[39m [32mpage reload [39m[2m.chrome-cdp-dark/Default/Extensions/Temp/scoped_dir16900_500168073/CRX_INSTALL/html/craw_window.html[22m
[2m4:48:05 PM[22m [36m[1m[vite][22m[39m [90m[2m(client)[22m[39m [32mpage reload [39m[2m.chrome-cdp-dark/Default/Extensions/Temp/scoped_dir16900_500168073/CRX_INSTALL/html/craw_window.html[22m
[2m4:48:05 PM[22m [36m[1m[vite][22m[39m [90m[2m(client)[22m[39m [32mpage reload [39m[2m.chrome-cdp-dark/Default/Extensions/nmmhkkegccagdldgiimedpiccmgmieda/1.0.0.6_0/html/craw_window.html[22m
[2m4:48:06 PM[22m [36m[1m[vite][22m[39m [90m[2m(client)[22m[39m [32mpage reload [39m[2m.chrome-cdp-dark/Default/Extensions/ghbmnnjooekpmoecnnnilnnbdlolhkhi/1.107.1_0/offscreendocument.html[22m
[2m4:50:05 PM[22m [36m[1m[vite][22m[39m [90m[2m(client)[22m[39m [32mpage reload [39m[2m.chrome-cdp-dark/Default/Extensions/ghbmnnjooekpmoecnnnilnnbdlolhkhi/1.107.1_0/offscreendocument.html[22m
[2m4:50:05 PM[22m [36m[1m[vite][22m[39m [90m[2m(client)[22m[39m [32mpage reload [39m[2m.chrome-cdp-dark/Default/Extensions/nmmhkkegccagdldgiimedpiccmgmieda/1.0.0.6_0/html/craw_window.html[22m
[2m5:12:59 PM[22m [36m[1m[vite][22m[39m [90m[2m(client)[22m[39m [32mhmr update [39m[2m/src/components/Hero.tsx, /src/styles/index.css[22m
[2m5:13:30 PM[22m [36m[1m[vite][22m[39m [90m[2m(client)[22m[39m [32mhmr update [39m[2m/src/components/Hero.tsx, /src/styles/index.css[22m
[2m5:13:43 PM[22m [36m[1m[vite][22m[39m [90m[2m(client)[22m[39m [32mhmr update [39m[2m/src/components/Hero.tsx, /src/styles/index.css[22m
[2m5:16:54 PM[22m [36m[1m[vite][22m[39m [90m[2m(client)[22m[39m [32mhmr update [39m[2m/src/components/Hero.tsx, /src/styles/index.css[22m
[2m5:16:59 PM[22m [36m[1m[vite][22m[39m [90m[2m(client)[22m[39m [32mhmr update [39m[2m/src/components/Hero.tsx, /src/styles/index.css[22m
[2m5:17:03 PM[22m [36m[1m[vite][22m[39m [90m[2m(client)[22m[39m [32mhmr update [39m[2m/src/components/Hero.tsx, /src/styles/index.css[22m
[2m5:17:13 PM[22m [36m[1m[vite][22m[39m [90m[2m(client)[22m[39m [32mhmr update [39m[2m/src/components/Hero.tsx, /src/styles/index.css[22m
[2m5:17:58 PM[22m [36m[1m[vite][22m[39m [90m[2m(client)[22m[39m [32mhmr update [39m[2m/src/components/Hero.tsx, /src/styles/index.css[22m
[2m5:18:27 PM[22m [36m[1m[vite][22m[39m [90m[2m(client)[22m[39m [32mhmr update [39m[2m/src/components/Hero.tsx, /src/styles/index.css[22m
[2m5:18:32 PM[22m [36m[1m[vite][22m[39m [90m[2m(client)[22m[39m [32mhmr update [39m[2m/src/components/Hero.tsx, /src/styles/index.css[22m
[2m5:19:03 PM[22m [36m[1m[vite][22m[39m [90m[2m(client)[22m[39m [32mhmr update [39m[2m/src/components/Hero.tsx, /src/styles/index.css[22m
[2m5:19:09 PM[22m [36m[1m[vite][22m[39m [90m[2m(client)[22m[39m [32mhmr update [39m[2m/src/components/Hero.tsx, /src/styles/index.css[22m
[2m5:19:21 PM[22m [36m[1m[vite][22m[39m [90m[2m(client)[22m[39m [32mhmr update [39m[2m/src/components/Hero.tsx, /src/styles/index.css[22m
[2m5:45:35 PM[22m [36m[1m[vite][22m[39m [90m[2m(client)[22m[39m [32mhmr update [39m[2m/src/components/Hero.tsx, /src/styles/index.css[22m
[2m5:45:39 PM[22m [36m[1m[vite][22m[39m [90m[2m(client)[22m[39m [32mhmr update [39m[2m/src/components/Hero.tsx, /src/styles/index.css[22m
[2m5:48:11 PM[22m [36m[1m[vite][22m[39m [90m[2m(client)[22m[39m [32mhmr update [39m[2m/src/components/Hero.tsx, /src/styles/index.css[22m
[2m5:50:08 PM[22m [36m[1m[vite][22m[39m [90m[2m(client)[22m[39m [32mhmr update [39m[2m/src/components/Hero.tsx, /src/styles/index.css[22m
[2m5:53:14 PM[22m [36m[1m[vite][22m[39m [90m[2m(client)[22m[39m [32mhmr update [39m[2m/src/components/Hero.tsx, /src/styles/index.css[22m
[2m5:55:02 PM[22m [36m[1m[vite][22m[39m [90m[2m(client)[22m[39m [32mhmr update [39m[2m/src/components/Hero.tsx, /src/styles/index.css[22m
[2m5:57:40 PM[22m [36m[1m[vite][22m[39m [90m[2m(client)[22m[39m [32mhmr update [39m[2m/src/styles/index.css, /src/components/SectionTitle.tsx[22m
[2m5:57:40 PM[22m [36m[1m[vite][22m[39m [90m[2m(client)[22m[39m [32mhmr update [39m[2m/src/components/About.tsx, /src/styles/index.css[22m
[2m5:57:40 PM[22m [36m[1m[vite][22m[39m [90m[2m(client)[22m[39m [32mhmr update [39m[2m/src/components/Contact.tsx, /src/styles/index.css[22m
[2m5:58:32 PM[22m [36m[1m[vite][22m[39m [90m[2m(client)[22m[39m [32mhmr update [39m[2m/src/components/Hero.tsx, /src/styles/index.css[22m
[2m6:04:16 PM[22m [36m[1m[vite][22m[39m [90m[2m(client)[22m[39m [32mhmr update [39m[2m/src/components/Hero.tsx, /src/styles/index.css[22m
[2m6:04:31 PM[22m [36m[1m[vite][22m[39m [90m[2m(client)[22m[39m [32mhmr update [39m[2m/src/components/Hero.tsx, /src/styles/index.css[22m
[2m6:04:46 PM[22m [36m[1m[vite][22m[39m [90m[2m(client)[22m[39m [32mhmr update [39m[2m/src/styles/index.css[22m
[2m6:06:53 PM[22m [36m[1m[vite][22m[39m [90m[2m(client)[22m[39m [32mhmr update [39m[2m/src/components/Hero.tsx, /src/styles/index.css[22m
[2m6:07:08 PM[22m [36m[1m[vite][22m[39m [90m[2m(client)[22m[39m [32mhmr update [39m[2m/src/components/Hero.tsx, /src/styles/index.css[22m
[2m6:09:17 PM[22m [36m[1m[vite][22m[39m [90m[2m(client)[22m[39m [32mhmr update [39m[2m/src/components/Hero.tsx, /src/styles/index.css[22m
[2m6:12:18 PM[22m [36m[1m[vite][22m[39m [90m[2m(client)[22m[39m [32mhmr update [39m[2m/src/styles/index.css, /src/components/SectionTitle.tsx[22m
[2m6:12:18 PM[22m [36m[1m[vite][22m[39m [90m[2m(client)[22m[39m [32mhmr update [39m[2m/src/components/About.tsx, /src/styles/index.css[22m
[2m6:12:18 PM[22m [36m[1m[vite][22m[39m [90m[2m(client)[22m[39m [32mhmr update [39m[2m/src/components/Contact.tsx, /src/styles/index.css[22m
[2m6:14:55 PM[22m [36m[1m[vite][22m[39m [90m[2m(client)[22m[39m [32mhmr update [39m[2m/src/components/Hero.tsx, /src/styles/index.css[22m
[2m6:17:07 PM[22m [36m[1m[vite][22m[39m [90m[2m(client)[22m[39m [32mhmr update [39m[2m/src/styles/index.css, /src/components/SectionTitle.tsx[22m
[2m6:17:08 PM[22m [36m[1m[vite][22m[39m [90m[2m(client)[22m[39m [32mhmr update [39m[2m/src/components/About.tsx, /src/styles/index.css[22m
[2m6:17:08 PM[22m [36m[1m[vite][22m[39m [90m[2m(client)[22m[39m [32mhmr update [39m[2m/src/components/Contact.tsx, /src/styles/index.css[22m
[2m6:17:49 PM[22m [36m[1m[vite][22m[39m [90m[2m(client)[22m[39m [32mhmr update [39m[2m/src/components/Process.tsx, /src/styles/index.css[22m
[2m6:18:04 PM[22m [36m[1m[vite][22m[39m [90m[2m(client)[22m[39m [32mhmr update [39m[2m/src/components/Hero.tsx, /src/styles/index.css[22m
