
> omar-yousef-portfolio@1.0.0 dev
> vite --host 127.0.0.1 --port 5174


  [32m[1mVITE[22m v7.3.5[39m  [2mready in [0m[1m281[22m[2m[0m ms[22m

  [32m➜[39m  [1mLocal[22m:   [36mhttp://127.0.0.1:[1m5174[22m/[39m
[2m6:41:26 AM[22m [36m[1m[vite][22m[39m [90m[2m(client)[22m[39m [32mhmr update [39m[2m/src/styles/index.css[22m
[2m6:48:50 AM[22m [36m[1m[vite][22m[39m [90m[2m(client)[22m[39m [32mhmr update [39m[2m/src/components/Projects.tsx, /src/components/Hero.tsx[22m
[2m6:49:04 AM[22m [36m[1m[vite][22m[39m [90m[2m(client)[22m[39m [32mhmr update [39m[2m/src/styles/index.css, /src/components/Projects.tsx, /src/components/Hero.tsx[22m
[2m6:52:24 AM[22m [36m[1m[vite][22m[39m [90m[2m(client)[22m[39m [32mhmr update [39m[2m/src/components/Hero.tsx, /src/styles/index.css[22m
[2m6:52:27 AM[22m [36m[1m[vite][22m[39m [90m[2m(client)[22m[39m [32mhmr update [39m[2m/src/components/Hero.tsx, /src/styles/index.css[22m
[2m6:53:40 AM[22m [36m[1m[vite][22m[39m [90m[2m(client)[22m[39m [32mhmr update [39m[2m/src/components/Hero.tsx, /src/styles/index.css[22m
[2m6:56:04 AM[22m [36m[1m[vite][22m[39m [90m[2m(client)[22m[39m [32mhmr update [39m[2m/src/components/Hero.tsx, /src/styles/index.css[22m
[2m6:56:07 AM[22m [36m[1m[vite][22m[39m [90m[2m(client)[22m[39m [32mhmr update [39m[2m/src/components/Hero.tsx, /src/styles/index.css[22m
[2m7:01:52 AM[22m [36m[1m[vite][22m[39m [90m[2m(client)[22m[39m [32mhmr update [39m[2m/src/components/Hero.tsx, /src/styles/index.css[22m
[2m7:05:28 AM[22m [36m[1m[vite][22m[39m [90m[2m(client)[22m[39m [32mhmr update [39m[2m/src/styles/index.css[22m
[2m7:06:44 AM[22m [36m[1m[vite][22m[39m [90m[2m(client)[22m[39m [32mhmr update [39m[2m/src/components/Hero.tsx, /src/styles/index.css[22m
[2m7:09:27 AM[22m [36m[1m[vite][22m[39m [90m[2m(client)[22m[39m [32mhmr update [39m[2m/src/components/Hero.tsx, /src/styles/index.css[22m
[2m7:09:46 AM[22m [36m[1m[vite][22m[39m [90m[2m(client)[22m[39m [32mhmr update [39m[2m/src/components/Hero.tsx, /src/styles/index.css[22m
[2m7:10:04 AM[22m [36m[1m[vite][22m[39m [90m[2m(client)[22m[39m [32mhmr update [39m[2m/src/components/Hero.tsx, /src/styles/index.css[22m
[2m7:10:13 AM[22m [36m[1m[vite][22m[39m [90m[2m(client)[22m[39m [32mhmr update [39m[2m/src/components/Hero.tsx, /src/styles/index.css[22m
[2m7:10:52 AM[22m [36m[1m[vite][22m[39m [90m[2m(client)[22m[39m [32mhmr update [39m[2m/src/components/Hero.tsx, /src/styles/index.css[22m
[2m7:11:05 AM[22m [36m[1m[vite][22m[39m [90m[2m(client)[22m[39m [32mhmr update [39m[2m/src/components/Hero.tsx, /src/styles/index.css[22m
[2m7:11:13 AM[22m [36m[1m[vite][22m[39m [90m[2m(client)[22m[39m [32mhmr update [39m[2m/src/components/Hero.tsx, /src/styles/index.css[22m
[2m7:11:42 AM[22m [36m[1m[vite][22m[39m [90m[2m(client)[22m[39m [32mhmr update [39m[2m/src/components/Hero.tsx, /src/styles/index.css[22m
